// Jest Snapshot v1, https://goo.gl/fbAQLP

exports[`Icon should render success 1`] = `
<svg
  className="xui-icon"
>
  <use
    xlinkHref="#wechat"
  />
</svg>
`;
