// Jest Snapshot v1, https://goo.gl/fbAQLP

exports[`Dialog  should render success 1`] = `null`;
